// Jest Snapshot v1, https://goo.gl/fbAQLP

exports[`matches snapshot 1`] = `
<DocumentFragment>
  <div
    class="Box"
  >
    <button>
      x
    </button>
  </div>
</DocumentFragment>
`;
